83.30.221.153 - - [05/Jul/2024:17:44:48 +0200] "GET /static/js/search.js HTTP/1.1" 304 0 "http://83.30.221.153:5000/person/6013" "Mozilla/5.0 (Linux; Android 10; K) AppleWebKit/537.36 (KHTML, like Gecko) Chrome/126.0.0.0 Mobile Safari/537.36"
83.30.221.153 - - [05/Jul/2024:17:45:47 +0200] "GET /person/6019 HTTP/1.1" 200 231206 "http://83.30.221.153:5000/person/6013" "Mozilla/5.0 (Linux; Android 10; K) AppleWebKit/537.36 (KHTML, like Gecko) Chrome/126.0.0.0 Mobile Safari/537.36"
83.30.221.153 - - [05/Jul/2024:17:45:47 +0200] "GET /static/css/styles2.css HTTP/1.1" 304 0 "http://83.30.221.153:5000/person/6019" "Mozilla/5.0 (Linux; Android 10; K) AppleWebKit/537.36 (KHTML, like Gecko) Chrome/126.0.0.0 Mobile Safari/537.36"
83.30.221.153 - - [05/Jul/2024:17:45:47 +0200] "GET /static/js/search.js HTTP/1.1" 304 0 "http://83.30.221.153:5000/person/6019" "Mozilla/5.0 (Linux; Android 10; K) AppleWebKit/537.36 (KHTML, like Gecko) Chrome/126.0.0.0 Mobile Safari/537.36"
83.30.221.153 - - [05/Jul/2024:17:45:59 +0200] "GET /person/6103 HTTP/1.1" 200 102953 "http://83.30.221.153:5000/person/6019" "Mozilla/5.0 (Linux; Android 10; K) AppleWebKit/537.36 (KHTML, like Gecko) Chrome/126.0.0.0 Mobile Safari/537.36"
83.30.221.153 - - [05/Jul/2024:17:45:59 +0200] "GET /static/js/search.js HTTP/1.1" 304 0 "http://83.30.221.153:5000/person/6103" "Mozilla/5.0 (Linux; Android 10; K) AppleWebKit/537.36 (KHTML, like Gecko) Chrome/126.0.0.0 Mobile Safari/537.36"
83.30.221.153 - - [05/Jul/2024:17:45:59 +0200] "GET /static/css/styles2.css HTTP/1.1" 304 0 "http://83.30.221.153:5000/person/6103" "Mozilla/5.0 (Linux; Android 10; K) AppleWebKit/537.36 (KHTML, like Gecko) Chrome/126.0.0.0 Mobile Safari/537.36"
83.30.221.153 - - [05/Jul/2024:17:46:04 +0200] "GET /person/6103 HTTP/1.1" 200 102953 "http://83.30.221.153:5000/person/6019" "Mozilla/5.0 (Linux; Android 10; K) AppleWebKit/537.36 (KHTML, like Gecko) Chrome/126.0.0.0 Mobile Safari/537.36"
83.30.221.153 - - [05/Jul/2024:17:46:04 +0200] "GET /static/css/styles2.css HTTP/1.1" 304 0 "http://83.30.221.153:5000/person/6103" "Mozilla/5.0 (Linux; Android 10; K) AppleWebKit/537.36 (KHTML, like Gecko) Chrome/126.0.0.0 Mobile Safari/537.36"
83.30.221.153 - - [05/Jul/2024:17:46:04 +0200] "GET /static/js/search.js HTTP/1.1" 304 0 "http://83.30.221.153:5000/person/6103" "Mozilla/5.0 (Linux; Android 10; K) AppleWebKit/537.36 (KHTML, like Gecko) Chrome/126.0.0.0 Mobile Safari/537.36"
192.168.1.110 - - [05/Jul/2024:17:46:29 +0200] "GET / HTTP/1.1" 200 671 "android-app://com.google.android.googlequicksearchbox/" "Mozilla/5.0 (Linux; Android 10; K) AppleWebKit/537.36 (KHTML, like Gecko) Chrome/126.0.0.0 Mobile Safari/537.36"
192.168.1.110 - - [05/Jul/2024:17:46:29 +0200] "GET /static/css/styles_index.css HTTP/1.1" 200 0 "http://192.168.1.108:5000/" "Mozilla/5.0 (Linux; Android 10; K) AppleWebKit/537.36 (KHTML, like Gecko) Chrome/126.0.0.0 Mobile Safari/537.36"
192.168.1.110 - - [05/Jul/2024:17:46:29 +0200] "GET /static/images/tree.jpg HTTP/1.1" 200 0 "http://192.168.1.108:5000/" "Mozilla/5.0 (Linux; Android 10; K) AppleWebKit/537.36 (KHTML, like Gecko) Chrome/126.0.0.0 Mobile Safari/537.36"
192.168.1.110 - - [05/Jul/2024:17:46:29 +0200] "GET /favicon.ico HTTP/1.1" 404 207 "http://192.168.1.108:5000/" "Mozilla/5.0 (Linux; Android 10; K) AppleWebKit/537.36 (KHTML, like Gecko) Chrome/126.0.0.0 Mobile Safari/537.36"
192.168.1.110 - - [05/Jul/2024:17:46:38 +0200] "GET /login HTTP/1.1" 200 662 "http://192.168.1.108:5000/" "Mozilla/5.0 (Linux; Android 10; K) AppleWebKit/537.36 (KHTML, like Gecko) Chrome/126.0.0.0 Mobile Safari/537.36"
192.168.1.110 - - [05/Jul/2024:17:46:38 +0200] "GET /static/css/styles_login.css HTTP/1.1" 200 0 "http://192.168.1.108:5000/login" "Mozilla/5.0 (Linux; Android 10; K) AppleWebKit/537.36 (KHTML, like Gecko) Chrome/126.0.0.0 Mobile Safari/537.36"
83.30.221.153 - - [05/Jul/2024:17:46:53 +0200] "GET /person/6104 HTTP/1.1" 200 89388 "http://83.30.221.153:5000/person/6103" "Mozilla/5.0 (Linux; Android 10; K) AppleWebKit/537.36 (KHTML, like Gecko) Chrome/126.0.0.0 Mobile Safari/537.36"
83.30.221.153 - - [05/Jul/2024:17:46:54 +0200] "GET /static/css/styles2.css HTTP/1.1" 304 0 "http://83.30.221.153:5000/person/6104" "Mozilla/5.0 (Linux; Android 10; K) AppleWebKit/537.36 (KHTML, like Gecko) Chrome/126.0.0.0 Mobile Safari/537.36"
83.30.221.153 - - [05/Jul/2024:17:46:54 +0200] "GET /static/js/search.js HTTP/1.1" 304 0 "http://83.30.221.153:5000/person/6104" "Mozilla/5.0 (Linux; Android 10; K) AppleWebKit/537.36 (KHTML, like Gecko) Chrome/126.0.0.0 Mobile Safari/537.36"
192.168.1.110 - - [05/Jul/2024:17:46:55 +0200] "POST /login HTTP/1.1" 200 662 "http://192.168.1.108:5000/login" "Mozilla/5.0 (Linux; Android 10; K) AppleWebKit/537.36 (KHTML, like Gecko) Chrome/126.0.0.0 Mobile Safari/537.36"
192.168.1.110 - - [05/Jul/2024:17:46:55 +0200] "GET /static/css/styles_login.css HTTP/1.1" 304 0 "http://192.168.1.108:5000/login" "Mozilla/5.0 (Linux; Android 10; K) AppleWebKit/537.36 (KHTML, like Gecko) Chrome/126.0.0.0 Mobile Safari/537.36"
192.168.1.110 - - [05/Jul/2024:17:46:58 +0200] "GET /register HTTP/1.1" 200 885 "http://192.168.1.108:5000/" "Mozilla/5.0 (Linux; Android 10; K) AppleWebKit/537.36 (KHTML, like Gecko) Chrome/126.0.0.0 Mobile Safari/537.36"
192.168.1.110 - - [05/Jul/2024:17:46:58 +0200] "GET /static/css/styles_register.css HTTP/1.1" 200 0 "http://192.168.1.108:5000/register" "Mozilla/5.0 (Linux; Android 10; K) AppleWebKit/537.36 (KHTML, like Gecko) Chrome/126.0.0.0 Mobile Safari/537.36"
192.168.1.109 - - [05/Jul/2024:17:47:10 +0200] "GET /login HTTP/1.1" 200 662 "http://192.168.1.108:5000/" "Mozilla/5.0 (Linux; Android 10; K) AppleWebKit/537.36 (KHTML, like Gecko) Chrome/126.0.0.0 Mobile Safari/537.36"
192.168.1.109 - - [05/Jul/2024:17:47:10 +0200] "GET /static/css/styles_login.css HTTP/1.1" 200 0 "http://192.168.1.108:5000/login" "Mozilla/5.0 (Linux; Android 10; K) AppleWebKit/537.36 (KHTML, like Gecko) Chrome/126.0.0.0 Mobile Safari/537.36"
192.168.1.109 - - [05/Jul/2024:17:47:38 +0200] "POST /login HTTP/1.1" 302 189 "http://192.168.1.108:5000/login" "Mozilla/5.0 (Linux; Android 10; K) AppleWebKit/537.36 (KHTML, like Gecko) Chrome/126.0.0.0 Mobile Safari/537.36"
192.168.1.109 - - [05/Jul/2024:17:47:38 +0200] "GET / HTTP/1.1" 302 207 "http://192.168.1.108:5000/login" "Mozilla/5.0 (Linux; Android 10; K) AppleWebKit/537.36 (KHTML, like Gecko) Chrome/126.0.0.0 Mobile Safari/537.36"
192.168.1.109 - - [05/Jul/2024:17:47:38 +0200] "GET /user_page HTTP/1.1" 200 1288 "http://192.168.1.108:5000/login" "Mozilla/5.0 (Linux; Android 10; K) AppleWebKit/537.36 (KHTML, like Gecko) Chrome/126.0.0.0 Mobile Safari/537.36"
192.168.1.109 - - [05/Jul/2024:17:47:38 +0200] "GET /static/css/styles_user_page.css HTTP/1.1" 200 0 "http://192.168.1.108:5000/user_page" "Mozilla/5.0 (Linux; Android 10; K) AppleWebKit/537.36 (KHTML, like Gecko) Chrome/126.0.0.0 Mobile Safari/537.36"
192.168.1.109 - - [05/Jul/2024:17:47:38 +0200] "GET /static/js/search.js HTTP/1.1" 200 0 "http://192.168.1.108:5000/user_page" "Mozilla/5.0 (Linux; Android 10; K) AppleWebKit/537.36 (KHTML, like Gecko) Chrome/126.0.0.0 Mobile Safari/537.36"
192.168.1.109 - - [05/Jul/2024:17:47:42 +0200] "GET /admin HTTP/1.1" 200 6033 "http://192.168.1.108:5000/user_page" "Mozilla/5.0 (Linux; Android 10; K) AppleWebKit/537.36 (KHTML, like Gecko) Chrome/126.0.0.0 Mobile Safari/537.36"
192.168.1.109 - - [05/Jul/2024:17:47:42 +0200] "GET /static/css/styles_admin.css HTTP/1.1" 200 0 "http://192.168.1.108:5000/admin" "Mozilla/5.0 (Linux; Android 10; K) AppleWebKit/537.36 (KHTML, like Gecko) Chrome/126.0.0.0 Mobile Safari/537.36"
83.30.221.153 - - [05/Jul/2024:17:48:09 +0200] "GET / HTTP/1.1" 200 671 "-" "Mozilla/5.0 (X11; Ubuntu; Linux i686; rv:24.0) Gecko/20100101 Firefox/24.0 Chrome/80.0.3987.132 Safari/537.36"
83.30.221.153 - - [05/Jul/2024:17:49:10 +0200] "GET / HTTP/1.1" 200 671 "-" "Mozilla/5.0 (X11; Ubuntu; Linux i686; rv:24.0) Gecko/20100101 Firefox/24.0 Chrome/80.0.3987.132 Safari/537.36"
83.30.221.153 - - [05/Jul/2024:17:49:58 +0200] "GET / HTTP/1.1" 200 671 "-" "Mozilla/5.0 (X11; Ubuntu; Linux i686; rv:24.0) Gecko/20100101 Firefox/24.0 Chrome/80.0.3987.132 Safari/537.36"
192.168.1.109 - - [05/Jul/2024:17:52:03 +0200] "GET /admin HTTP/1.1" 200 6033 "http://192.168.1.108:5000/user_page" "Mozilla/5.0 (Linux; Android 10; K) AppleWebKit/537.36 (KHTML, like Gecko) Chrome/126.0.0.0 Mobile Safari/537.36"
192.168.1.109 - - [05/Jul/2024:17:52:03 +0200] "GET /static/css/styles_admin.css HTTP/1.1" 304 0 "http://192.168.1.108:5000/admin" "Mozilla/5.0 (Linux; Android 10; K) AppleWebKit/537.36 (KHTML, like Gecko) Chrome/126.0.0.0 Mobile Safari/537.36"
83.30.221.153 - - [05/Jul/2024:18:25:13 +0200] "GET / HTTP/1.1" 302 207 "-" "Mozilla/5.0 (Linux; Android 10; K) AppleWebKit/537.36 (KHTML, like Gecko) Chrome/126.0.0.0 Mobile Safari/537.36"
83.30.221.153 - - [05/Jul/2024:18:25:13 +0200] "GET /user_page HTTP/1.1" 200 1150 "-" "Mozilla/5.0 (Linux; Android 10; K) AppleWebKit/537.36 (KHTML, like Gecko) Chrome/126.0.0.0 Mobile Safari/537.36"
83.30.221.153 - - [05/Jul/2024:18:25:13 +0200] "GET /static/css/styles_user_page.css HTTP/1.1" 304 0 "http://83.30.221.153:5000/user_page" "Mozilla/5.0 (Linux; Android 10; K) AppleWebKit/537.36 (KHTML, like Gecko) Chrome/126.0.0.0 Mobile Safari/537.36"
83.30.221.153 - - [05/Jul/2024:18:25:13 +0200] "GET /static/js/search.js HTTP/1.1" 304 0 "http://83.30.221.153:5000/user_page" "Mozilla/5.0 (Linux; Android 10; K) AppleWebKit/537.36 (KHTML, like Gecko) Chrome/126.0.0.0 Mobile Safari/537.36"
83.30.221.153 - - [05/Jul/2024:18:27:29 +0200] "GET / HTTP/1.1" 302 207 "-" "Mozilla/5.0 (Linux; Android 10; K) AppleWebKit/537.36 (KHTML, like Gecko) Chrome/126.0.0.0 Mobile Safari/537.36"
83.30.221.153 - - [05/Jul/2024:18:27:29 +0200] "GET /user_page HTTP/1.1" 200 1150 "-" "Mozilla/5.0 (Linux; Android 10; K) AppleWebKit/537.36 (KHTML, like Gecko) Chrome/126.0.0.0 Mobile Safari/537.36"
83.30.221.153 - - [05/Jul/2024:18:27:29 +0200] "GET /static/css/styles_user_page.css HTTP/1.1" 304 0 "http://83.30.221.153:5000/user_page" "Mozilla/5.0 (Linux; Android 10; K) AppleWebKit/537.36 (KHTML, like Gecko) Chrome/126.0.0.0 Mobile Safari/537.36"
83.30.221.153 - - [05/Jul/2024:18:27:29 +0200] "GET /static/js/search.js HTTP/1.1" 304 0 "http://83.30.221.153:5000/user_page" "Mozilla/5.0 (Linux; Android 10; K) AppleWebKit/537.36 (KHTML, like Gecko) Chrome/126.0.0.0 Mobile Safari/537.36"
83.30.221.153 - - [05/Jul/2024:18:27:35 +0200] "GET /search?query=H HTTP/1.1" 200 186 "http://83.30.221.153:5000/user_page" "Mozilla/5.0 (Linux; Android 10; K) AppleWebKit/537.36 (KHTML, like Gecko) Chrome/126.0.0.0 Mobile Safari/537.36"
83.30.221.153 - - [05/Jul/2024:18:27:35 +0200] "GET /search?query=Ha HTTP/1.1" 200 189 "http://83.30.221.153:5000/user_page" "Mozilla/5.0 (Linux; Android 10; K) AppleWebKit/537.36 (KHTML, like Gecko) Chrome/126.0.0.0 Mobile Safari/537.36"
83.30.221.153 - - [05/Jul/2024:18:27:36 +0200] "GET /search?query=Hal HTTP/1.1" 200 53 "http://83.30.221.153:5000/user_page" "Mozilla/5.0 (Linux; Android 10; K) AppleWebKit/537.36 (KHTML, like Gecko) Chrome/126.0.0.0 Mobile Safari/537.36"
83.30.221.153 - - [05/Jul/2024:18:27:37 +0200] "GET /search?query=Hali HTTP/1.1" 200 53 "http://83.30.221.153:5000/user_page" "Mozilla/5.0 (Linux; Android 10; K) AppleWebKit/537.36 (KHTML, like Gecko) Chrome/126.0.0.0 Mobile Safari/537.36"
83.30.221.153 - - [05/Jul/2024:18:27:38 +0200] "GET /search?query=Halin HTTP/1.1" 200 53 "http://83.30.221.153:5000/user_page" "Mozilla/5.0 (Linux; Android 10; K) AppleWebKit/537.36 (KHTML, like Gecko) Chrome/126.0.0.0 Mobile Safari/537.36"
83.30.221.153 - - [05/Jul/2024:18:27:38 +0200] "GET /search?query=Halin HTTP/1.1" 200 53 "http://83.30.221.153:5000/user_page" "Mozilla/5.0 (Linux; Android 10; K) AppleWebKit/537.36 (KHTML, like Gecko) Chrome/126.0.0.0 Mobile Safari/537.36"
83.30.221.153 - - [05/Jul/2024:18:27:38 +0200] "GET /search?query=Halin HTTP/1.1" 200 53 "http://83.30.221.153:5000/user_page" "Mozilla/5.0 (Linux; Android 10; K) AppleWebKit/537.36 (KHTML, like Gecko) Chrome/126.0.0.0 Mobile Safari/537.36"
83.30.221.153 - - [05/Jul/2024:18:27:38 +0200] "GET /search?query=Halina HTTP/1.1" 200 53 "http://83.30.221.153:5000/user_page" "Mozilla/5.0 (Linux; Android 10; K) AppleWebKit/537.36 (KHTML, like Gecko) Chrome/126.0.0.0 Mobile Safari/537.36"
83.30.221.153 - - [05/Jul/2024:18:27:38 +0200] "GET /search?query=Halina HTTP/1.1" 200 53 "http://83.30.221.153:5000/user_page" "Mozilla/5.0 (Linux; Android 10; K) AppleWebKit/537.36 (KHTML, like Gecko) Chrome/126.0.0.0 Mobile Safari/537.36"
192.168.1.109 - - [05/Jul/2024:18:27:45 +0200] "GET / HTTP/1.1" 302 207 "-" "Mozilla/5.0 (Linux; Android 10; K) AppleWebKit/537.36 (KHTML, like Gecko) Chrome/126.0.0.0 Mobile Safari/537.36"
192.168.1.109 - - [05/Jul/2024:18:27:46 +0200] "GET /user_page HTTP/1.1" 200 1288 "-" "Mozilla/5.0 (Linux; Android 10; K) AppleWebKit/537.36 (KHTML, like Gecko) Chrome/126.0.0.0 Mobile Safari/537.36"
192.168.1.109 - - [05/Jul/2024:18:27:46 +0200] "GET /static/css/styles_user_page.css HTTP/1.1" 304 0 "http://192.168.1.108:5000/user_page" "Mozilla/5.0 (Linux; Android 10; K) AppleWebKit/537.36 (KHTML, like Gecko) Chrome/126.0.0.0 Mobile Safari/537.36"
192.168.1.109 - - [05/Jul/2024:18:27:46 +0200] "GET /static/js/search.js HTTP/1.1" 304 0 "http://192.168.1.108:5000/user_page" "Mozilla/5.0 (Linux; Android 10; K) AppleWebKit/537.36 (KHTML, like Gecko) Chrome/126.0.0.0 Mobile Safari/537.36"
83.30.221.153 - - [05/Jul/2024:18:27:46 +0200] "GET /search?query=Halina%20p HTTP/1.1" 200 15 "http://83.30.221.153:5000/user_page" "Mozilla/5.0 (Linux; Android 10; K) AppleWebKit/537.36 (KHTML, like Gecko) Chrome/126.0.0.0 Mobile Safari/537.36"
83.30.221.153 - - [05/Jul/2024:18:27:48 +0200] "GET /search?query=Halina%20po HTTP/1.1" 200 15 "http://83.30.221.153:5000/user_page" "Mozilla/5.0 (Linux; Android 10; K) AppleWebKit/537.36 (KHTML, like Gecko) Chrome/126.0.0.0 Mobile Safari/537.36"
83.30.221.153 - - [05/Jul/2024:18:27:50 +0200] "GET /search?query=Halina%20p HTTP/1.1" 200 15 "http://83.30.221.153:5000/user_page" "Mozilla/5.0 (Linux; Android 10; K) AppleWebKit/537.36 (KHTML, like Gecko) Chrome/126.0.0.0 Mobile Safari/537.36"
83.30.221.153 - - [05/Jul/2024:18:27:50 +0200] "GET /search?query=Halina HTTP/1.1" 200 53 "http://83.30.221.153:5000/user_page" "Mozilla/5.0 (Linux; Android 10; K) AppleWebKit/537.36 (KHTML, like Gecko) Chrome/126.0.0.0 Mobile Safari/537.36"
192.168.1.109 - - [05/Jul/2024:18:27:50 +0200] "GET /search?query=H HTTP/1.1" 200 186 "http://192.168.1.108:5000/user_page" "Mozilla/5.0 (Linux; Android 10; K) AppleWebKit/537.36 (KHTML, like Gecko) Chrome/126.0.0.0 Mobile Safari/537.36"
192.168.1.109 - - [05/Jul/2024:18:27:50 +0200] "GET /search?query=Ha HTTP/1.1" 200 189 "http://192.168.1.108:5000/user_page" "Mozilla/5.0 (Linux; Android 10; K) AppleWebKit/537.36 (KHTML, like Gecko) Chrome/126.0.0.0 Mobile Safari/537.36"
192.168.1.109 - - [05/Jul/2024:18:27:51 +0200] "GET /search?query=Hal HTTP/1.1" 200 53 "http://192.168.1.108:5000/user_page" "Mozilla/5.0 (Linux; Android 10; K) AppleWebKit/537.36 (KHTML, like Gecko) Chrome/126.0.0.0 Mobile Safari/537.36"
192.168.1.109 - - [05/Jul/2024:18:27:51 +0200] "GET /search?query=Hali HTTP/1.1" 200 53 "http://192.168.1.108:5000/user_page" "Mozilla/5.0 (Linux; Android 10; K) AppleWebKit/537.36 (KHTML, like Gecko) Chrome/126.0.0.0 Mobile Safari/537.36"
192.168.1.109 - - [05/Jul/2024:18:27:52 +0200] "GET /search?query=Halin HTTP/1.1" 200 53 "http://192.168.1.108:5000/user_page" "Mozilla/5.0 (Linux; Android 10; K) AppleWebKit/537.36 (KHTML, like Gecko) Chrome/126.0.0.0 Mobile Safari/537.36"
83.30.221.153 - - [05/Jul/2024:18:27:55 +0200] "GET /search?query=Halina%20%C5%81 HTTP/1.1" 200 15 "http://83.30.221.153:5000/user_page" "Mozilla/5.0 (Linux; Android 10; K) AppleWebKit/537.36 (KHTML, like Gecko) Chrome/126.0.0.0 Mobile Safari/537.36"
83.30.221.153 - - [05/Jul/2024:18:27:56 +0200] "GET /search?query=Halina%20%C5%81a HTTP/1.1" 200 15 "http://83.30.221.153:5000/user_page" "Mozilla/5.0 (Linux; Android 10; K) AppleWebKit/537.36 (KHTML, like Gecko) Chrome/126.0.0.0 Mobile Safari/537.36"
83.30.221.153 - - [05/Jul/2024:18:27:57 +0200] "GET /search?query=Halina%20%C5%81ag HTTP/1.1" 200 15 "http://83.30.221.153:5000/user_page" "Mozilla/5.0 (Linux; Android 10; K) AppleWebKit/537.36 (KHTML, like Gecko) Chrome/126.0.0.0 Mobile Safari/537.36"
192.168.1.109 - - [05/Jul/2024:18:27:58 +0200] "GET /search?query=Hali HTTP/1.1" 200 53 "http://192.168.1.108:5000/user_page" "Mozilla/5.0 (Linux; Android 10; K) AppleWebKit/537.36 (KHTML, like Gecko) Chrome/126.0.0.0 Mobile Safari/537.36"
83.30.221.153 - - [05/Jul/2024:18:27:58 +0200] "GET /search?query=Halina%20%C5%81ago HTTP/1.1" 200 15 "http://83.30.221.153:5000/user_page" "Mozilla/5.0 (Linux; Android 10; K) AppleWebKit/537.36 (KHTML, like Gecko) Chrome/126.0.0.0 Mobile Safari/537.36"
192.168.1.109 - - [05/Jul/2024:18:27:59 +0200] "GET /search?query=Hal HTTP/1.1" 200 53 "http://192.168.1.108:5000/user_page" "Mozilla/5.0 (Linux; Android 10; K) AppleWebKit/537.36 (KHTML, like Gecko) Chrome/126.0.0.0 Mobile Safari/537.36"
192.168.1.109 - - [05/Jul/2024:18:27:59 +0200] "GET /search?query=Ha HTTP/1.1" 200 189 "http://192.168.1.108:5000/user_page" "Mozilla/5.0 (Linux; Android 10; K) AppleWebKit/537.36 (KHTML, like Gecko) Chrome/126.0.0.0 Mobile Safari/537.36"
192.168.1.109 - - [05/Jul/2024:18:27:59 +0200] "GET /search?query=H HTTP/1.1" 200 186 "http://192.168.1.108:5000/user_page" "Mozilla/5.0 (Linux; Android 10; K) AppleWebKit/537.36 (KHTML, like Gecko) Chrome/126.0.0.0 Mobile Safari/537.36"
192.168.1.109 - - [05/Jul/2024:18:28:00 +0200] "GET /search?query=%C5%81 HTTP/1.1" 200 209 "http://192.168.1.108:5000/user_page" "Mozilla/5.0 (Linux; Android 10; K) AppleWebKit/537.36 (KHTML, like Gecko) Chrome/126.0.0.0 Mobile Safari/537.36"
192.168.1.109 - - [05/Jul/2024:18:28:01 +0200] "GET /search?query=%C5%81a HTTP/1.1" 200 15 "http://192.168.1.108:5000/user_page" "Mozilla/5.0 (Linux; Android 10; K) AppleWebKit/537.36 (KHTML, like Gecko) Chrome/126.0.0.0 Mobile Safari/537.36"
192.168.1.109 - - [05/Jul/2024:18:28:02 +0200] "GET /search?query=%C5%81ag HTTP/1.1" 200 15 "http://192.168.1.108:5000/user_page" "Mozilla/5.0 (Linux; Android 10; K) AppleWebKit/537.36 (KHTML, like Gecko) Chrome/126.0.0.0 Mobile Safari/537.36"
192.168.1.109 - - [05/Jul/2024:18:28:03 +0200] "GET /search?query=%C5%81a HTTP/1.1" 200 15 "http://192.168.1.108:5000/user_page" "Mozilla/5.0 (Linux; Android 10; K) AppleWebKit/537.36 (KHTML, like Gecko) Chrome/126.0.0.0 Mobile Safari/537.36"
192.168.1.109 - - [05/Jul/2024:18:28:03 +0200] "GET /search?query=%C5%81 HTTP/1.1" 200 209 "http://192.168.1.108:5000/user_page" "Mozilla/5.0 (Linux; Android 10; K) AppleWebKit/537.36 (KHTML, like Gecko) Chrome/126.0.0.0 Mobile Safari/537.36"
83.30.221.153 - - [05/Jul/2024:18:28:12 +0200] "GET /search?query=Halina%20%C5%81ag HTTP/1.1" 200 15 "http://83.30.221.153:5000/user_page" "Mozilla/5.0 (Linux; Android 10; K) AppleWebKit/537.36 (KHTML, like Gecko) Chrome/126.0.0.0 Mobile Safari/537.36"
83.30.221.153 - - [05/Jul/2024:18:28:13 +0200] "GET /search?query=Halina%20%C5%81a HTTP/1.1" 200 15 "http://83.30.221.153:5000/user_page" "Mozilla/5.0 (Linux; Android 10; K) AppleWebKit/537.36 (KHTML, like Gecko) Chrome/126.0.0.0 Mobile Safari/537.36"
83.30.221.153 - - [05/Jul/2024:18:28:13 +0200] "GET /search?query=Halina%20%C5%81 HTTP/1.1" 200 15 "http://83.30.221.153:5000/user_page" "Mozilla/5.0 (Linux; Android 10; K) AppleWebKit/537.36 (KHTML, like Gecko) Chrome/126.0.0.0 Mobile Safari/537.36"
83.30.221.153 - - [05/Jul/2024:18:28:13 +0200] "GET /search?query=Halina HTTP/1.1" 200 53 "http://83.30.221.153:5000/user_page" "Mozilla/5.0 (Linux; Android 10; K) AppleWebKit/537.36 (KHTML, like Gecko) Chrome/126.0.0.0 Mobile Safari/537.36"
83.30.221.153 - - [05/Jul/2024:18:28:13 +0200] "GET /search?query=Halina HTTP/1.1" 200 53 "http://83.30.221.153:5000/user_page" "Mozilla/5.0 (Linux; Android 10; K) AppleWebKit/537.36 (KHTML, like Gecko) Chrome/126.0.0.0 Mobile Safari/537.36"
83.30.221.153 - - [05/Jul/2024:18:28:13 +0200] "GET /search?query=Halin HTTP/1.1" 200 53 "http://83.30.221.153:5000/user_page" "Mozilla/5.0 (Linux; Android 10; K) AppleWebKit/537.36 (KHTML, like Gecko) Chrome/126.0.0.0 Mobile Safari/537.36"
83.30.221.153 - - [05/Jul/2024:18:28:14 +0200] "GET /search?query=Hali HTTP/1.1" 200 53 "http://83.30.221.153:5000/user_page" "Mozilla/5.0 (Linux; Android 10; K) AppleWebKit/537.36 (KHTML, like Gecko) Chrome/126.0.0.0 Mobile Safari/537.36"
83.30.221.153 - - [05/Jul/2024:18:28:14 +0200] "GET /search?query=Hal HTTP/1.1" 200 53 "http://83.30.221.153:5000/user_page" "Mozilla/5.0 (Linux; Android 10; K) AppleWebKit/537.36 (KHTML, like Gecko) Chrome/126.0.0.0 Mobile Safari/537.36"
83.30.221.153 - - [05/Jul/2024:18:28:14 +0200] "GET /search?query=Ha HTTP/1.1" 200 189 "http://83.30.221.153:5000/user_page" "Mozilla/5.0 (Linux; Android 10; K) AppleWebKit/537.36 (KHTML, like Gecko) Chrome/126.0.0.0 Mobile Safari/537.36"
83.30.221.153 - - [05/Jul/2024:18:28:14 +0200] "GET /search?query=H HTTP/1.1" 200 186 "http://83.30.221.153:5000/user_page" "Mozilla/5.0 (Linux; Android 10; K) AppleWebKit/537.36 (KHTML, like Gecko) Chrome/126.0.0.0 Mobile Safari/537.36"
192.168.1.109 - - [05/Jul/2024:18:28:24 +0200] "GET /search?query=M HTTP/1.1" 200 185 "http://192.168.1.108:5000/user_page" "Mozilla/5.0 (Linux; Android 10; K) AppleWebKit/537.36 (KHTML, like Gecko) Chrome/126.0.0.0 Mobile Safari/537.36"
192.168.1.109 - - [05/Jul/2024:18:28:25 +0200] "GET /search?query=Mi HTTP/1.1" 200 202 "http://192.168.1.108:5000/user_page" "Mozilla/5.0 (Linux; Android 10; K) AppleWebKit/537.36 (KHTML, like Gecko) Chrome/126.0.0.0 Mobile Safari/537.36"
192.168.1.109 - - [05/Jul/2024:18:28:25 +0200] "GET /search?query=Mic HTTP/1.1" 200 207 "http://192.168.1.108:5000/user_page" "Mozilla/5.0 (Linux; Android 10; K) AppleWebKit/537.36 (KHTML, like Gecko) Chrome/126.0.0.0 Mobile Safari/537.36"
192.168.1.109 - - [05/Jul/2024:18:28:25 +0200] "GET /search?query=Mich HTTP/1.1" 200 207 "http://192.168.1.108:5000/user_page" "Mozilla/5.0 (Linux; Android 10; K) AppleWebKit/537.36 (KHTML, like Gecko) Chrome/126.0.0.0 Mobile Safari/537.36"
192.168.1.109 - - [05/Jul/2024:18:28:25 +0200] "GET /search?query=Mic HTTP/1.1" 200 207 "http://192.168.1.108:5000/user_page" "Mozilla/5.0 (Linux; Android 10; K) AppleWebKit/537.36 (KHTML, like Gecko) Chrome/126.0.0.0 Mobile Safari/537.36"
192.168.1.109 - - [05/Jul/2024:18:28:26 +0200] "GET /search?query=Micha HTTP/1.1" 200 207 "http://192.168.1.108:5000/user_page" "Mozilla/5.0 (Linux; Android 10; K) AppleWebKit/537.36 (KHTML, like Gecko) Chrome/126.0.0.0 Mobile Safari/537.36"
83.30.221.153 - - [05/Jul/2024:18:28:26 +0200] "GET /search?query=M HTTP/1.1" 200 185 "http://83.30.221.153:5000/user_page" "Mozilla/5.0 (Linux; Android 10; K) AppleWebKit/537.36 (KHTML, like Gecko) Chrome/126.0.0.0 Mobile Safari/537.36"
192.168.1.109 - - [05/Jul/2024:18:28:26 +0200] "GET /search?query=Micha HTTP/1.1" 200 207 "http://192.168.1.108:5000/user_page" "Mozilla/5.0 (Linux; Android 10; K) AppleWebKit/537.36 (KHTML, like Gecko) Chrome/126.0.0.0 Mobile Safari/537.36"
83.30.221.153 - - [05/Jul/2024:18:28:26 +0200] "GET /search?query=Mi HTTP/1.1" 200 202 "http://83.30.221.153:5000/user_page" "Mozilla/5.0 (Linux; Android 10; K) AppleWebKit/537.36 (KHTML, like Gecko) Chrome/126.0.0.0 Mobile Safari/537.36"
192.168.1.109 - - [05/Jul/2024:18:28:27 +0200] "GET /search?query=Michal HTTP/1.1" 200 122 "http://192.168.1.108:5000/user_page" "Mozilla/5.0 (Linux; Android 10; K) AppleWebKit/537.36 (KHTML, like Gecko) Chrome/126.0.0.0 Mobile Safari/537.36"
192.168.1.109 - - [05/Jul/2024:18:28:27 +0200] "GET /search?query=Michal HTTP/1.1" 200 122 "http://192.168.1.108:5000/user_page" "Mozilla/5.0 (Linux; Android 10; K) AppleWebKit/537.36 (KHTML, like Gecko) Chrome/126.0.0.0 Mobile Safari/537.36"
192.168.1.109 - - [05/Jul/2024:18:28:27 +0200] "GET /search?query=Michal HTTP/1.1" 200 122 "http://192.168.1.108:5000/user_page" "Mozilla/5.0 (Linux; Android 10; K) AppleWebKit/537.36 (KHTML, like Gecko) Chrome/126.0.0.0 Mobile Safari/537.36"
192.168.1.109 - - [05/Jul/2024:18:28:27 +0200] "GET /search?query=Micha%C5%82 HTTP/1.1" 200 207 "http://192.168.1.108:5000/user_page" "Mozilla/5.0 (Linux; Android 10; K) AppleWebKit/537.36 (KHTML, like Gecko) Chrome/126.0.0.0 Mobile Safari/537.36"
192.168.1.109 - - [05/Jul/2024:18:28:27 +0200] "GET /search?query=Micha%C5%82 HTTP/1.1" 200 207 "http://192.168.1.108:5000/user_page" "Mozilla/5.0 (Linux; Android 10; K) AppleWebKit/537.36 (KHTML, like Gecko) Chrome/126.0.0.0 Mobile Safari/537.36"
192.168.1.109 - - [05/Jul/2024:18:28:29 +0200] "GET /search?query=Micha%C5%82%20t HTTP/1.1" 200 134 "http://192.168.1.108:5000/user_page" "Mozilla/5.0 (Linux; Android 10; K) AppleWebKit/537.36 (KHTML, like Gecko) Chrome/126.0.0.0 Mobile Safari/537.36"
192.168.1.109 - - [05/Jul/2024:18:28:29 +0200] "GET /search?query=Micha%C5%82%20to HTTP/1.1" 200 134 "http://192.168.1.108:5000/user_page" "Mozilla/5.0 (Linux; Android 10; K) AppleWebKit/537.36 (KHTML, like Gecko) Chrome/126.0.0.0 Mobile Safari/537.36"
83.30.221.153 - - [05/Jul/2024:18:28:33 +0200] "GET /person/6076 HTTP/1.1" 200 115904 "http://83.30.221.153:5000/user_page" "Mozilla/5.0 (Linux; Android 10; K) AppleWebKit/537.36 (KHTML, like Gecko) Chrome/126.0.0.0 Mobile Safari/537.36"
83.30.221.153 - - [05/Jul/2024:18:28:34 +0200] "GET /static/css/styles2.css HTTP/1.1" 304 0 "http://83.30.221.153:5000/person/6076" "Mozilla/5.0 (Linux; Android 10; K) AppleWebKit/537.36 (KHTML, like Gecko) Chrome/126.0.0.0 Mobile Safari/537.36"
83.30.221.153 - - [05/Jul/2024:18:28:34 +0200] "GET /static/js/search.js HTTP/1.1" 304 0 "http://83.30.221.153:5000/person/6076" "Mozilla/5.0 (Linux; Android 10; K) AppleWebKit/537.36 (KHTML, like Gecko) Chrome/126.0.0.0 Mobile Safari/537.36"
83.30.221.153 - - [05/Jul/2024:18:28:41 +0200] "GET / HTTP/1.1" 302 207 "-" "Mozilla/5.0 (Linux; Android 10; K) AppleWebKit/537.36 (KHTML, like Gecko) Chrome/126.0.0.0 Mobile Safari/537.36"
83.30.221.153 - - [05/Jul/2024:18:28:41 +0200] "GET /user_page HTTP/1.1" 200 1150 "-" "Mozilla/5.0 (Linux; Android 10; K) AppleWebKit/537.36 (KHTML, like Gecko) Chrome/126.0.0.0 Mobile Safari/537.36"
83.30.221.153 - - [05/Jul/2024:18:28:41 +0200] "GET /static/js/search.js HTTP/1.1" 304 0 "http://83.30.221.153:5000/user_page" "Mozilla/5.0 (Linux; Android 10; K) AppleWebKit/537.36 (KHTML, like Gecko) Chrome/126.0.0.0 Mobile Safari/537.36"
83.30.221.153 - - [05/Jul/2024:18:28:41 +0200] "GET /static/css/styles_user_page.css HTTP/1.1" 304 0 "http://83.30.221.153:5000/user_page" "Mozilla/5.0 (Linux; Android 10; K) AppleWebKit/537.36 (KHTML, like Gecko) Chrome/126.0.0.0 Mobile Safari/537.36"
83.30.221.153 - - [05/Jul/2024:18:28:46 +0200] "GET /search?query=M HTTP/1.1" 200 185 "http://83.30.221.153:5000/user_page" "Mozilla/5.0 (Linux; Android 10; K) AppleWebKit/537.36 (KHTML, like Gecko) Chrome/126.0.0.0 Mobile Safari/537.36"
83.30.221.153 - - [05/Jul/2024:18:28:47 +0200] "GET /search?query=Mi HTTP/1.1" 200 202 "http://83.30.221.153:5000/user_page" "Mozilla/5.0 (Linux; Android 10; K) AppleWebKit/537.36 (KHTML, like Gecko) Chrome/126.0.0.0 Mobile Safari/537.36"
83.30.221.153 - - [05/Jul/2024:18:28:49 +0200] "GET /search?query=Mic HTTP/1.1" 200 207 "http://83.30.221.153:5000/user_page" "Mozilla/5.0 (Linux; Android 10; K) AppleWebKit/537.36 (KHTML, like Gecko) Chrome/126.0.0.0 Mobile Safari/537.36"
83.30.221.153 - - [05/Jul/2024:18:28:49 +0200] "GET /search?query=Mic HTTP/1.1" 200 207 "http://83.30.221.153:5000/user_page" "Mozilla/5.0 (Linux; Android 10; K) AppleWebKit/537.36 (KHTML, like Gecko) Chrome/126.0.0.0 Mobile Safari/537.36"
83.30.221.153 - - [05/Jul/2024:18:28:49 +0200] "GET /search?query=Mich HTTP/1.1" 200 207 "http://83.30.221.153:5000/user_page" "Mozilla/5.0 (Linux; Android 10; K) AppleWebKit/537.36 (KHTML, like Gecko) Chrome/126.0.0.0 Mobile Safari/537.36"
83.30.221.153 - - [05/Jul/2024:18:28:50 +0200] "GET /search?query=Micha HTTP/1.1" 200 207 "http://83.30.221.153:5000/user_page" "Mozilla/5.0 (Linux; Android 10; K) AppleWebKit/537.36 (KHTML, like Gecko) Chrome/126.0.0.0 Mobile Safari/537.36"
83.30.221.153 - - [05/Jul/2024:18:28:50 +0200] "GET /search?query=Micha HTTP/1.1" 200 207 "http://83.30.221.153:5000/user_page" "Mozilla/5.0 (Linux; Android 10; K) AppleWebKit/537.36 (KHTML, like Gecko) Chrome/126.0.0.0 Mobile Safari/537.36"
83.30.221.153 - - [05/Jul/2024:18:28:51 +0200] "GET /search?query=Michal HTTP/1.1" 200 122 "http://83.30.221.153:5000/user_page" "Mozilla/5.0 (Linux; Android 10; K) AppleWebKit/537.36 (KHTML, like Gecko) Chrome/126.0.0.0 Mobile Safari/537.36"
192.168.1.109 - - [05/Jul/2024:18:28:51 +0200] "GET /person/6076 HTTP/1.1" 200 115904 "http://192.168.1.108:5000/user_page" "Mozilla/5.0 (Linux; Android 10; K) AppleWebKit/537.36 (KHTML, like Gecko) Chrome/126.0.0.0 Mobile Safari/537.36"
83.30.221.153 - - [05/Jul/2024:18:28:51 +0200] "GET /search?query=Michal HTTP/1.1" 200 122 "http://83.30.221.153:5000/user_page" "Mozilla/5.0 (Linux; Android 10; K) AppleWebKit/537.36 (KHTML, like Gecko) Chrome/126.0.0.0 Mobile Safari/537.36"
192.168.1.109 - - [05/Jul/2024:18:28:51 +0200] "GET /static/css/styles2.css HTTP/1.1" 200 0 "http://192.168.1.108:5000/person/6076" "Mozilla/5.0 (Linux; Android 10; K) AppleWebKit/537.36 (KHTML, like Gecko) Chrome/126.0.0.0 Mobile Safari/537.36"
192.168.1.109 - - [05/Jul/2024:18:28:51 +0200] "GET /static/js/search.js HTTP/1.1" 304 0 "http://192.168.1.108:5000/person/6076" "Mozilla/5.0 (Linux; Android 10; K) AppleWebKit/537.36 (KHTML, like Gecko) Chrome/126.0.0.0 Mobile Safari/537.36"
83.30.221.153 - - [05/Jul/2024:18:28:53 +0200] "GET /search?query=Micha%C5%82 HTTP/1.1" 200 207 "http://83.30.221.153:5000/user_page" "Mozilla/5.0 (Linux; Android 10; K) AppleWebKit/537.36 (KHTML, like Gecko) Chrome/126.0.0.0 Mobile Safari/537.36"
83.30.221.153 - - [05/Jul/2024:18:28:53 +0200] "GET /search?query=Micha%C5%82 HTTP/1.1" 200 207 "http://83.30.221.153:5000/user_page" "Mozilla/5.0 (Linux; Android 10; K) AppleWebKit/537.36 (KHTML, like Gecko) Chrome/126.0.0.0 Mobile Safari/537.36"
83.30.221.153 - - [05/Jul/2024:18:28:59 +0200] "GET /search?query=Micha%C5%82%20T HTTP/1.1" 200 134 "http://83.30.221.153:5000/user_page" "Mozilla/5.0 (Linux; Android 10; K) AppleWebKit/537.36 (KHTML, like Gecko) Chrome/126.0.0.0 Mobile Safari/537.36"
83.30.221.153 - - [05/Jul/2024:18:29:02 +0200] "GET /search?query=Micha%C5%82 HTTP/1.1" 200 207 "http://83.30.221.153:5000/user_page" "Mozilla/5.0 (Linux; Android 10; K) AppleWebKit/537.36 (KHTML, like Gecko) Chrome/126.0.0.0 Mobile Safari/537.36"
83.30.221.153 - - [05/Jul/2024:18:29:03 +0200] "GET /search?query=Micha%C5%82 HTTP/1.1" 200 207 "http://83.30.221.153:5000/user_page" "Mozilla/5.0 (Linux; Android 10; K) AppleWebKit/537.36 (KHTML, like Gecko) Chrome/126.0.0.0 Mobile Safari/537.36"
83.30.221.153 - - [05/Jul/2024:18:29:03 +0200] "GET /search?query=Micha HTTP/1.1" 200 207 "http://83.30.221.153:5000/user_page" "Mozilla/5.0 (Linux; Android 10; K) AppleWebKit/537.36 (KHTML, like Gecko) Chrome/126.0.0.0 Mobile Safari/537.36"
83.30.221.153 - - [05/Jul/2024:18:29:03 +0200] "GET /search?query=Mich HTTP/1.1" 200 207 "http://83.30.221.153:5000/user_page" "Mozilla/5.0 (Linux; Android 10; K) AppleWebKit/537.36 (KHTML, like Gecko) Chrome/126.0.0.0 Mobile Safari/537.36"
83.30.221.153 - - [05/Jul/2024:18:29:03 +0200] "GET /search?query=Mic HTTP/1.1" 200 207 "http://83.30.221.153:5000/user_page" "Mozilla/5.0 (Linux; Android 10; K) AppleWebKit/537.36 (KHTML, like Gecko) Chrome/126.0.0.0 Mobile Safari/537.36"
83.30.221.153 - - [05/Jul/2024:18:29:03 +0200] "GET /search?query=Mi HTTP/1.1" 200 202 "http://83.30.221.153:5000/user_page" "Mozilla/5.0 (Linux; Android 10; K) AppleWebKit/537.36 (KHTML, like Gecko) Chrome/126.0.0.0 Mobile Safari/537.36"
83.30.221.153 - - [05/Jul/2024:18:29:04 +0200] "GET /search?query=M HTTP/1.1" 200 185 "http://83.30.221.153:5000/user_page" "Mozilla/5.0 (Linux; Android 10; K) AppleWebKit/537.36 (KHTML, like Gecko) Chrome/126.0.0.0 Mobile Safari/537.36"
83.30.221.153 - - [05/Jul/2024:18:29:06 +0200] "GET /search?query=A HTTP/1.1" 200 185 "http://83.30.221.153:5000/user_page" "Mozilla/5.0 (Linux; Android 10; K) AppleWebKit/537.36 (KHTML, like Gecko) Chrome/126.0.0.0 Mobile Safari/537.36"
83.30.221.153 - - [05/Jul/2024:18:29:07 +0200] "GET /search?query=An HTTP/1.1" 200 193 "http://83.30.221.153:5000/user_page" "Mozilla/5.0 (Linux; Android 10; K) AppleWebKit/537.36 (KHTML, like Gecko) Chrome/126.0.0.0 Mobile Safari/537.36"
83.30.221.153 - - [05/Jul/2024:18:29:07 +0200] "GET /search?query=Ann HTTP/1.1" 200 182 "http://83.30.221.153:5000/user_page" "Mozilla/5.0 (Linux; Android 10; K) AppleWebKit/537.36 (KHTML, like Gecko) Chrome/126.0.0.0 Mobile Safari/537.36"
83.30.221.153 - - [05/Jul/2024:18:29:10 +0200] "GET /person/5922 HTTP/1.1" 200 219787 "http://83.30.221.153:5000/user_page" "Mozilla/5.0 (Linux; Android 10; K) AppleWebKit/537.36 (KHTML, like Gecko) Chrome/126.0.0.0 Mobile Safari/537.36"
83.30.221.153 - - [05/Jul/2024:18:29:10 +0200] "GET /static/css/styles2.css HTTP/1.1" 304 0 "http://83.30.221.153:5000/person/5922" "Mozilla/5.0 (Linux; Android 10; K) AppleWebKit/537.36 (KHTML, like Gecko) Chrome/126.0.0.0 Mobile Safari/537.36"
83.30.221.153 - - [05/Jul/2024:18:29:10 +0200] "GET /static/js/search.js HTTP/1.1" 304 0 "http://83.30.221.153:5000/person/5922" "Mozilla/5.0 (Linux; Android 10; K) AppleWebKit/537.36 (KHTML, like Gecko) Chrome/126.0.0.0 Mobile Safari/537.36"
83.30.221.153 - - [05/Jul/2024:18:29:16 +0200] "GET /person/5922 HTTP/1.1" 200 219787 "http://83.30.221.153:5000/user_page" "Mozilla/5.0 (Linux; Android 10; K) AppleWebKit/537.36 (KHTML, like Gecko) Chrome/126.0.0.0 Mobile Safari/537.36"
83.30.221.153 - - [05/Jul/2024:18:29:16 +0200] "GET /static/css/styles2.css HTTP/1.1" 304 0 "http://83.30.221.153:5000/person/5922" "Mozilla/5.0 (Linux; Android 10; K) AppleWebKit/537.36 (KHTML, like Gecko) Chrome/126.0.0.0 Mobile Safari/537.36"
83.30.221.153 - - [05/Jul/2024:18:29:16 +0200] "GET /static/js/search.js HTTP/1.1" 304 0 "http://83.30.221.153:5000/person/5922" "Mozilla/5.0 (Linux; Android 10; K) AppleWebKit/537.36 (KHTML, like Gecko) Chrome/126.0.0.0 Mobile Safari/537.36"
83.30.221.153 - - [05/Jul/2024:18:29:40 +0200] "GET /person/6302 HTTP/1.1" 200 126612 "http://83.30.221.153:5000/person/5922" "Mozilla/5.0 (Linux; Android 10; K) AppleWebKit/537.36 (KHTML, like Gecko) Chrome/126.0.0.0 Mobile Safari/537.36"
83.30.221.153 - - [05/Jul/2024:18:29:40 +0200] "GET /static/css/styles2.css HTTP/1.1" 304 0 "http://83.30.221.153:5000/person/6302" "Mozilla/5.0 (Linux; Android 10; K) AppleWebKit/537.36 (KHTML, like Gecko) Chrome/126.0.0.0 Mobile Safari/537.36"
83.30.221.153 - - [05/Jul/2024:18:29:40 +0200] "GET /static/js/search.js HTTP/1.1" 304 0 "http://83.30.221.153:5000/person/6302" "Mozilla/5.0 (Linux; Android 10; K) AppleWebKit/537.36 (KHTML, like Gecko) Chrome/126.0.0.0 Mobile Safari/537.36"
83.30.221.153 - - [05/Jul/2024:18:29:43 +0200] "GET /person/6302 HTTP/1.1" 200 126612 "http://83.30.221.153:5000/person/5922" "Mozilla/5.0 (Linux; Android 10; K) AppleWebKit/537.36 (KHTML, like Gecko) Chrome/126.0.0.0 Mobile Safari/537.36"
83.30.221.153 - - [05/Jul/2024:18:29:43 +0200] "GET /static/css/styles2.css HTTP/1.1" 304 0 "http://83.30.221.153:5000/person/6302" "Mozilla/5.0 (Linux; Android 10; K) AppleWebKit/537.36 (KHTML, like Gecko) Chrome/126.0.0.0 Mobile Safari/537.36"
83.30.221.153 - - [05/Jul/2024:18:29:43 +0200] "GET /static/js/search.js HTTP/1.1" 304 0 "http://83.30.221.153:5000/person/6302" "Mozilla/5.0 (Linux; Android 10; K) AppleWebKit/537.36 (KHTML, like Gecko) Chrome/126.0.0.0 Mobile Safari/537.36"
83.28.225.226 - - [05/Jul/2024:20:33:30 +0200] "GET /static/js/search.js HTTP/1.1" 304 0 "http://83.30.221.153:5000/person/6068" "Mozilla/5.0 (Linux; Android 10; K) AppleWebKit/537.36 (KHTML, like Gecko) Chrome/126.0.0.0 Mobile Safari/537.36"
83.28.225.226 - - [05/Jul/2024:20:33:30 +0200] "GET /static/css/styles2.css HTTP/1.1" 304 0 "http://83.30.221.153:5000/person/6068" "Mozilla/5.0 (Linux; Android 10; K) AppleWebKit/537.36 (KHTML, like Gecko) Chrome/126.0.0.0 Mobile Safari/537.36"
83.28.225.226 - - [05/Jul/2024:20:33:30 +0200] "GET /favicon.ico HTTP/1.1" 404 207 "http://83.30.221.153:5000/person/6068" "Mozilla/5.0 (Linux; Android 10; K) AppleWebKit/537.36 (KHTML, like Gecko) Chrome/126.0.0.0 Mobile Safari/537.36"
198.235.24.164 - - [05/Jul/2024:20:59:56 +0200] "GET / HTTP/1.0" 200 671 "-" "Expanse, a Palo Alto Networks company, searches across the global IPv4 space multiple times per day to identify customers&#39; presences on the Internet. If you would like to be excluded from our scans, please send IP addresses/domains to: scaninfo@paloaltonetworks.com"
83.28.225.226 - - [05/Jul/2024:21:14:43 +0200] "GET /user_page HTTP/1.1" 302 199 "http://83.30.221.153:5000/person/6068" "Mozilla/5.0 (Linux; Android 10; K) AppleWebKit/537.36 (KHTML, like Gecko) Chrome/126.0.0.0 Mobile Safari/537.36"
83.28.225.226 - - [05/Jul/2024:21:14:43 +0200] "GET /login HTTP/1.1" 200 662 "http://83.30.221.153:5000/person/6068" "Mozilla/5.0 (Linux; Android 10; K) AppleWebKit/537.36 (KHTML, like Gecko) Chrome/126.0.0.0 Mobile Safari/537.36"
83.28.225.226 - - [05/Jul/2024:21:14:43 +0200] "GET /static/css/styles_login.css HTTP/1.1" 304 0 "http://83.30.221.153:5000/login" "Mozilla/5.0 (Linux; Android 10; K) AppleWebKit/537.36 (KHTML, like Gecko) Chrome/126.0.0.0 Mobile Safari/537.36"
83.28.225.226 - - [05/Jul/2024:21:15:02 +0200] "GET /static/css/styles2.css HTTP/1.1" 304 0 "http://83.30.221.153:5000/person/6254" "Mozilla/5.0 (Linux; Android 10; K) AppleWebKit/537.36 (KHTML, like Gecko) Chrome/126.0.0.0 Mobile Safari/537.36"
83.28.225.226 - - [05/Jul/2024:21:15:02 +0200] "GET /static/js/search.js HTTP/1.1" 304 0 "http://83.30.221.153:5000/person/6254" "Mozilla/5.0 (Linux; Android 10; K) AppleWebKit/537.36 (KHTML, like Gecko) Chrome/126.0.0.0 Mobile Safari/537.36"
192.168.1.110 - - [05/Jul/2024:21:17:13 +0200] "GET /person/6076 HTTP/1.1" 200 115904 "http://192.168.1.108:5000/user_page" "Mozilla/5.0 (Linux; Android 10; K) AppleWebKit/537.36 (KHTML, like Gecko) Chrome/126.0.0.0 Mobile Safari/537.36"
192.168.1.110 - - [05/Jul/2024:21:17:13 +0200] "GET /static/js/search.js HTTP/1.1" 304 0 "http://192.168.1.108:5000/person/6076" "Mozilla/5.0 (Linux; Android 10; K) AppleWebKit/537.36 (KHTML, like Gecko) Chrome/126.0.0.0 Mobile Safari/537.36"
192.168.1.110 - - [05/Jul/2024:21:17:13 +0200] "GET /static/css/styles2.css HTTP/1.1" 304 0 "http://192.168.1.108:5000/person/6076" "Mozilla/5.0 (Linux; Android 10; K) AppleWebKit/537.36 (KHTML, like Gecko) Chrome/126.0.0.0 Mobile Safari/537.36"
192.168.1.110 - - [05/Jul/2024:21:17:15 +0200] "GET /user_page HTTP/1.1" 200 1288 "http://192.168.1.108:5000/person/6076" "Mozilla/5.0 (Linux; Android 10; K) AppleWebKit/537.36 (KHTML, like Gecko) Chrome/126.0.0.0 Mobile Safari/537.36"
192.168.1.110 - - [05/Jul/2024:21:17:15 +0200] "GET /static/js/search.js HTTP/1.1" 304 0 "http://192.168.1.108:5000/user_page" "Mozilla/5.0 (Linux; Android 10; K) AppleWebKit/537.36 (KHTML, like Gecko) Chrome/126.0.0.0 Mobile Safari/537.36"
192.168.1.110 - - [05/Jul/2024:21:17:15 +0200] "GET /static/css/styles_user_page.css HTTP/1.1" 304 0 "http://192.168.1.108:5000/user_page" "Mozilla/5.0 (Linux; Android 10; K) AppleWebKit/537.36 (KHTML, like Gecko) Chrome/126.0.0.0 Mobile Safari/537.36"
192.168.1.110 - - [05/Jul/2024:21:17:17 +0200] "GET /admin HTTP/1.1" 200 6033 "http://192.168.1.108:5000/user_page" "Mozilla/5.0 (Linux; Android 10; K) AppleWebKit/537.36 (KHTML, like Gecko) Chrome/126.0.0.0 Mobile Safari/537.36"
192.168.1.110 - - [05/Jul/2024:21:17:17 +0200] "GET /static/css/styles_admin.css HTTP/1.1" 304 0 "http://192.168.1.108:5000/admin" "Mozilla/5.0 (Linux; Android 10; K) AppleWebKit/537.36 (KHTML, like Gecko) Chrome/126.0.0.0 Mobile Safari/537.36"
192.168.1.108 - - [05/Jul/2024:22:18:16 +0200] "GET /admin HTTP/1.1" 200 6033 "http://192.168.1.108:5000/user_page" "Mozilla/5.0 (X11; Linux x86_64) AppleWebKit/537.36 (KHTML, like Gecko) Chrome/125.0.0.0 Safari/537.36"
192.168.1.108 - - [05/Jul/2024:22:18:16 +0200] "GET /static/css/styles_admin.css HTTP/1.1" 304 0 "http://192.168.1.108:5000/admin" "Mozilla/5.0 (X11; Linux x86_64) AppleWebKit/537.36 (KHTML, like Gecko) Chrome/125.0.0.0 Safari/537.36"
192.168.1.108 - - [05/Jul/2024:22:35:18 +0200] "GET /admin HTTP/1.1" 302 273 "-" "Mozilla/5.0 (X11; Linux x86_64) AppleWebKit/537.36 (KHTML, like Gecko) Chrome/125.0.0.0 Safari/537.36"
192.168.1.108 - - [05/Jul/2024:22:35:18 +0200] "GET /login?next=http://192.168.1.108:5000/admin HTTP/1.1" 200 662 "-" "Mozilla/5.0 (X11; Linux x86_64) AppleWebKit/537.36 (KHTML, like Gecko) Chrome/125.0.0.0 Safari/537.36"
192.168.1.108 - - [05/Jul/2024:22:35:19 +0200] "GET /static/css/styles_login.css HTTP/1.1" 304 0 "http://192.168.1.108:5000/login?next=http://192.168.1.108:5000/admin" "Mozilla/5.0 (X11; Linux x86_64) AppleWebKit/537.36 (KHTML, like Gecko) Chrome/125.0.0.0 Safari/537.36"
192.168.1.108 - - [05/Jul/2024:22:35:19 +0200] "GET /favicon.ico HTTP/1.1" 404 207 "http://192.168.1.108:5000/login?next=http://192.168.1.108:5000/admin" "Mozilla/5.0 (X11; Linux x86_64) AppleWebKit/537.36 (KHTML, like Gecko) Chrome/125.0.0.0 Safari/537.36"
192.168.1.108 - - [05/Jul/2024:22:35:31 +0200] "POST /login HTTP/1.1" 302 189 "http://192.168.1.108:5000/login?next=http://192.168.1.108:5000/admin" "Mozilla/5.0 (X11; Linux x86_64) AppleWebKit/537.36 (KHTML, like Gecko) Chrome/125.0.0.0 Safari/537.36"
192.168.1.108 - - [05/Jul/2024:22:35:31 +0200] "GET / HTTP/1.1" 302 207 "http://192.168.1.108:5000/login?next=http://192.168.1.108:5000/admin" "Mozilla/5.0 (X11; Linux x86_64) AppleWebKit/537.36 (KHTML, like Gecko) Chrome/125.0.0.0 Safari/537.36"
192.168.1.108 - - [05/Jul/2024:22:35:31 +0200] "GET /user_page HTTP/1.1" 200 1288 "http://192.168.1.108:5000/login?next=http://192.168.1.108:5000/admin" "Mozilla/5.0 (X11; Linux x86_64) AppleWebKit/537.36 (KHTML, like Gecko) Chrome/125.0.0.0 Safari/537.36"
192.168.1.108 - - [05/Jul/2024:22:35:31 +0200] "GET /static/js/search.js HTTP/1.1" 304 0 "http://192.168.1.108:5000/user_page" "Mozilla/5.0 (X11; Linux x86_64) AppleWebKit/537.36 (KHTML, like Gecko) Chrome/125.0.0.0 Safari/537.36"
192.168.1.108 - - [05/Jul/2024:22:35:31 +0200] "GET /static/css/styles_user_page.css HTTP/1.1" 304 0 "http://192.168.1.108:5000/user_page" "Mozilla/5.0 (X11; Linux x86_64) AppleWebKit/537.36 (KHTML, like Gecko) Chrome/125.0.0.0 Safari/537.36"
192.168.1.108 - - [05/Jul/2024:22:35:32 +0200] "GET /admin HTTP/1.1" 200 6033 "http://192.168.1.108:5000/user_page" "Mozilla/5.0 (X11; Linux x86_64) AppleWebKit/537.36 (KHTML, like Gecko) Chrome/125.0.0.0 Safari/537.36"
192.168.1.108 - - [05/Jul/2024:22:35:33 +0200] "GET /static/css/styles_admin.css HTTP/1.1" 304 0 "http://192.168.1.108:5000/admin" "Mozilla/5.0 (X11; Linux x86_64) AppleWebKit/537.36 (KHTML, like Gecko) Chrome/125.0.0.0 Safari/537.36"
192.168.1.108 - - [06/Jul/2024:00:13:08 +0200] "GET /admin HTTP/1.1" 200 6033 "http://192.168.1.108:5000/user_page" "Mozilla/5.0 (X11; Linux x86_64) AppleWebKit/537.36 (KHTML, like Gecko) Chrome/125.0.0.0 Safari/537.36"
192.168.1.108 - - [06/Jul/2024:00:13:08 +0200] "GET /static/css/styles_admin.css HTTP/1.1" 304 0 "http://192.168.1.108:5000/admin" "Mozilla/5.0 (X11; Linux x86_64) AppleWebKit/537.36 (KHTML, like Gecko) Chrome/125.0.0.0 Safari/537.36"
